// Vitest Snapshot v1

exports[`code() builder using Prism (incl generalized tests) > valid language choice is rendered 1`] = `
"<div class=\\"markdown-body\\"><h1>Code Builder Test</h1>
<p>This test is intended to validate testing of code blocks; the first test is a typescript block.</p>
<div class=\\"code-wrapper\\"><div class=\\"code-block language-typescript\\" data-lang=\\"ts\\" data-modifiers=\\"\\"><pre class=\\"language-typescript foobar\\" data-lang=\\"ts\\" v-pre=\\"true\\">

</pre>
</div></div><p>But now we have some Rust code too:</p>
<div class=\\"code-wrapper\\"><div class=\\"code-block language-rust line-numbers-mode\\" data-lang=\\"rust\\" data-modifiers=\\"!,#\\"><pre class=\\"language-rust foobar\\" data-lang=\\"rust\\" style=\\"classless\\">
</pre>
<div class=\\"line-numbers-wrapper\\"></div>
</div></div><p>The test is now complete; everyone should return to their desks.</p>
</div>"
`;
